// Jest Snapshot v1, https://goo.gl/fbAQLP

exports[`creates config: diff ios/android config 1`] = `
"Snapshot Diff:
- First value
+ Second value

@@ -57,18 +57,18 @@
          \\"test\\": /\\\\.(aac|aiff|bmp|caf|gif|html|jpeg|jpg|m4a|m4v|mov|mp3|mp4|mpeg|mpg|obj|otf|pdf|png|psd|svg|ttf|wav|webm|webp)$/,
          \\"use\\": Object {
            \\"loader\\": \\"<<REPLACED>>/src/loaders/assetLoader.js\\",
            \\"query\\": Object {
              \\"bundle\\": undefined,
-             \\"platform\\": \\"ios\\",
+             \\"platform\\": \\"android\\",
              \\"root\\": \\"<<REPLACED>>/src/utils/__tests__/fixtures\\",
            },
          },
        },
      ],
    },
-   \\"name\\": \\"ios\\",
+   \\"name\\": \\"android\\",
    \\"optimization\\": Object {
      \\"concatenateModules\\": true,
      \\"minimize\\": false,
      \\"minimizer\\": Array [
        UglifyJsPlugin {
@@ -93,11 +93,11 @@
        },
      ],
      \\"namedModules\\": true,
    },
    \\"output\\": Object {
-     \\"filename\\": \\"index.ios.bundle\\",
+     \\"filename\\": \\"index.android.bundle\\",
      \\"path\\": \\"<<REPLACED>>/src/utils/__tests__/fixtures\\",
      \\"publicPath\\": \\"http://localhost:8081/\\",
    },
    \\"plugins\\": Array [
      CaseSensitivePathsPlugin {
@@ -161,11 +161,11 @@
    \\"resolve\\": Object {
      \\"alias\\": Object {
        \\"react-proxy\\": \\"@zamotany/react-proxy\\",
      },
      \\"extensions\\": Array [
-       \\".ios.js\\",
+       \\".android.js\\",
        \\".native.js\\",
        \\".js\\",
      ],
      \\"mainFields\\": Array [
        \\"react-native\\","
`;

exports[`creates config: ios config 1`] = `
Object {
  "context": "<<REPLACED>>/src/utils/__tests__/fixtures",
  "entry": Array [
    "<<REPLACED>>/src/vendor/polyfills/Object.es6.js",
    "<<REPLACED>>/src/vendor/polyfills/console.js",
    "<<REPLACED>>/src/vendor/polyfills/error-guard.js",
    "<<REPLACED>>/src/vendor/polyfills/Number.es6.js",
    "<<REPLACED>>/src/vendor/polyfills/String.prototype.es6.js",
    "<<REPLACED>>/src/vendor/polyfills/Array.prototype.es6.js",
    "<<REPLACED>>/src/vendor/polyfills/Array.es6.js",
    "<<REPLACED>>/src/vendor/polyfills/Object.es7.js",
    "<<REPLACED>>/src/vendor/polyfills/babelHelpers.js",
    "<<NODE_MODULE>>/react-native/Libraries/Core/InitializeCore.js",
    "<<REPLACED>>/src/utils/polyfillEnvironment.js",
    "<<REPLACED>>/hot/patch.js",
    "./index.js",
  ],
  "mode": "development",
  "module": Object {
    "rules": Array [
      Object {
        "parser": Object {
          "requireEnsure": false,
        },
      },
      Object {
        "exclude": /node_modules\\(\\?!\\.\\*\\[\\\\/\\\\\\\\\\]\\(react\\|@react-navigation\\|@expo\\|pretty-format\\|haul\\|metro\\)\\)/,
        "test": /\\\\\\.js\\$/,
        "use": Array [
          Object {
            "loader": "<<NODE_MODULE>>/cache-loader/dist/cjs.js",
            "options": Object {
              "cacheDirectory": "<<NODE_MODULE>>/.cache/cache-loader",
            },
          },
          Object {
            "loader": "<<NODE_MODULE>>/thread-loader/dist/cjs.js",
            "options": Object {
              "workers": "<<CPUS>>",
            },
          },
          Object {
            "loader": "<<NODE_MODULE>>/babel-loader/lib/index.js",
            "options": Object {
              "cacheDirectory": true,
              "extends": "<<REPLACED>>/src/utils/__tests__/fixtures/.babelrc",
              "plugins": Array [
                "<<REPLACED>>/src/utils/fixRequireIssues.js",
                "<<NODE_MODULE>>/react-hot-loader/babel.js",
                "<<REPLACED>>/src/hot/babelPlugin.js",
              ],
            },
          },
        ],
      },
      Object {
        "test": /\\\\\\.\\(aac\\|aiff\\|bmp\\|caf\\|gif\\|html\\|jpeg\\|jpg\\|m4a\\|m4v\\|mov\\|mp3\\|mp4\\|mpeg\\|mpg\\|obj\\|otf\\|pdf\\|png\\|psd\\|svg\\|ttf\\|wav\\|webm\\|webp\\)\\$/,
        "use": Object {
          "loader": "<<REPLACED>>/src/loaders/assetLoader.js",
          "query": Object {
            "bundle": undefined,
            "platform": "ios",
            "root": "<<REPLACED>>/src/utils/__tests__/fixtures",
          },
        },
      },
    ],
  },
  "name": "ios",
  "optimization": Object {
    "concatenateModules": true,
    "minimize": false,
    "minimizer": Array [
      UglifyJsPlugin {
        "options": Object {
          "cache": true,
          "exclude": undefined,
          "extractComments": false,
          "include": undefined,
          "parallel": true,
          "sourceMap": true,
          "test": /\\\\\\.\\(js\\|\\(js\\)\\?bundle\\)\\(\\$\\|\\\\\\?\\)/i,
          "uglifyOptions": Object {
            "compress": Object {
              "inline": 1,
            },
            "output": Object {
              "comments": /\\^\\\\\\*\\*!\\|@preserve\\|@license\\|@cc_on/,
            },
          },
          "warningsFilter": [Function],
        },
      },
    ],
    "namedModules": true,
  },
  "output": Object {
    "filename": "index.ios.bundle",
    "path": "<<REPLACED>>/src/utils/__tests__/fixtures",
    "publicPath": "http://localhost:8081/",
  },
  "plugins": Array [
    CaseSensitivePathsPlugin {
      "fsOperations": 0,
      "options": Object {},
      "pathCache": Object {},
      "primed": false,
    },
    DefinePlugin {
      "definitions": Object {
        "__DEV__": true,
        "process.env": Object {
          "NODE_ENV": "\\"development\\"",
        },
      },
    },
    LoaderOptionsPlugin {
      "options": Object {
        "debug": true,
        "minimize": false,
        "test": Object {
          "test": [Function],
        },
      },
    },
    BannerPlugin {
      "banner": [Function],
      "options": Object {
        "banner": "if (this && !this.self) { this.self = this; };
",
        "raw": true,
      },
    },
    HotModuleReplacementPlugin {
      "fullBuildTimeout": 200,
      "multiStep": undefined,
      "options": Object {},
      "requestTimeout": 10000,
    },
    EvalSourceMapDevToolPlugin {
      "options": Object {
        "module": true,
      },
    },
    NamedModulesPlugin {
      "options": Object {},
    },
    SourceMapDevToolPlugin {
      "fallbackModuleFilenameTemplate": "webpack://[namespace]/[resourcePath]?[hash]",
      "moduleFilenameTemplate": "webpack://[namespace]/[resourcePath]",
      "namespace": "",
      "options": Object {
        "filename": "[file].map",
        "test": /\\\\\\.\\(js\\|css\\|\\(js\\)\\?bundle\\)\\(\\$\\|\\\\\\?\\)/i,
      },
      "sourceMapFilename": "[file].map",
      "sourceMappingURLComment": "
//# sourceMappingURL=[url]",
    },
  ],
  "resolve": Object {
    "alias": Object {
      "react-proxy": "@zamotany/react-proxy",
    },
    "extensions": Array [
      ".ios.js",
      ".native.js",
      ".js",
    ],
    "mainFields": Array [
      "react-native",
      "browser",
      "main",
    ],
    "plugins": Array [
      HasteResolver {
        "apply": [Function],
      },
      AssetResolver {
        "apply": [Function],
      },
    ],
  },
  "stats": "verbose",
  "target": "webworker",
}
`;
